<EventNotificationAlert version="2.0" xmlns="http://www.hikvision.com/ver20/XMLSchema">
<ipAddress>192.168.30.50</ipAddress>
<portNo>80</portNo>
<protocol>HTTP</protocol>
<macAddress>94:e1:ac:9a:47:4f</macAddress>
<channelID>1</channelID>
<dateTime>2019-02-14T14:38:47+02:00</dateTime>
<activePostCount>0</activePostCount>
<eventType>videoloss</eventType>
<eventState>inactive</eventState>
<eventDescription>videoloss alarm</eventDescription>
</EventNotificationAlert>
--boundary
Content-Type: application/xml; charset="UTF-8"
Content-Length: 481

<EventNotificationAlert version="2.0" xmlns="http://www.hikvision.com/ver20/XMLSchema">
<ipAddress>192.168.30.50</ipAddress>
<portNo>80</portNo>
<protocol>HTTP</protocol>
<macAddress>94:e1:ac:9a:47:4f</macAddress>
<channelID>1</channelID>
<dateTime>2019-02-14T14:38:23+02:00</dateTime>
<activePostCount>1</activePostCount>
<eventType>IO</eventType>
<eventState>active</eventState>
<eventDescription>IO alarm</eventDescription>
<inputIOPortID>1</inputIOPortID>
</EventNotificationAlert>
--boundary
Content-Type: application/xml; charset="UTF-8"
Content-Length: 499

<EventNotificationAlert version="2.0" xmlns="http://www.hikvision.com/ver20/XMLSchema">
<ipAddress>192.168.30.50</ipAddress>
<portNo>80</portNo>
<protocol>HTTP</protocol>
<macAddress>94:e1:ac:9a:47:4f</macAddress>
<channelID>1</channelID>
<dateTime>2019-02-14T14:38:23+02:00</dateTime>
<activePostCount>1</activePostCount>
<eventType>IO</eventType>
<eventState>active</eventState>
<eventDescription>IO alarm</eventDescription>
<inputIOPortID>1</inputIOPortID>
</EventNotificationAlert>
--boundary
Content-Type: application/xml; charset="UTF-8"
Content-Length: 499

<EventNotificationAlert version="2.0" xmlns="http://www.hikvision.com/ver20/XMLSchema">
<ipAddress>192.168.30.50</ipAddress>
<portNo>80</portNo>
<protocol>HTTP</protocol>
<macAddress>94:e1:ac:9a:47:4f</macAddress>
<channelID>1</channelID>
<dateTime>2019-02-14T14:38:23+02:00</dateTime>
<activePostCount>1</activePostCount>
<eventType>IO</eventType>
<eventState>active</eventState>
<eventDescription>IO alarm</eventDescription>
<inputIOPortID>1</inputIOPortID>
</EventNotificationAlert>
--boundary
Content-Type: application/xml; charset="UTF-8"
Content-Length: 499

<EventNotificationAlert version="2.0" xmlns="http://www.hikvision.com/ver20/XMLSchema">
<ipAddress>192.168.30.50</ipAddress>
<portNo>80</portNo>
<protocol>HTTP</protocol>
<macAddress>94:e1:ac:9a:47:4f</macAddress>
<channelID>1</channelID>
<dateTime>2019-02-14T14:38:36+02:00</dateTime>
<activePostCount>0</activePostCount>
<eventType>PeopleCounting</eventType>
<eventState>active</eventState>
<eventDescription>PeopleCounting alarm</eventDescription>
<statisticalMethods>realTime</statisticalMethods>
<RealTime>
<time>2019-02-14T14:38:36+02:00</time>
</RealTime>
<enter>83</enter>
<exit>115</exit>
<pass>0</pass>
</EventNotificationAlert>
--boundary
Content-Type: application/xml; charset="UTF-8"
Content-Length: 500

<EventNotificationAlert version="2.0" xmlns="http://www.hikvision.com/ver20/XMLSchema">
<ipAddress>192.168.30.50</ipAddress>
<portNo>80</portNo>
<protocol>HTTP</protocol>
<macAddress>94:e1:ac:9a:47:4f</macAddress>
<channelID>1</channelID>
<dateTime>2019-02-14T14:38:36+02:00</dateTime>
<activePostCount>0</activePostCount>
<eventType>PeopleCounting</eventType>
<eventState>active</eventState>
<eventDescription>PeopleCounting alarm</eventDescription>
<statisticalMethods>realTime</statisticalMethods>
<RealTime>
<time>2019-02-14T14:38:36+02:00</time>
</RealTime>
<enter>84</enter>
<exit>115</exit>
<pass>0</pass>
</EventNotificationAlert>
--boundary
Content-Type: application/xml; charset="UTF-8"
Content-Length: 500

<EventNotificationAlert version="2.0" xmlns="http://www.hikvision.com/ver20/XMLSchema">
<ipAddress>192.168.30.50</ipAddress>
<portNo>80</portNo>
<protocol>HTTP</protocol>
<macAddress>94:e1:ac:9a:47:4f</macAddress>
<channelID>1</channelID>
<dateTime>2019-02-14T14:38:36+02:00</dateTime>
<activePostCount>0</activePostCount>
<eventType>PeopleCounting</eventType>
<eventState>active</eventState>
<eventDescription>PeopleCounting alarm</eventDescription>
<statisticalMethods>realTime</statisticalMethods>
<RealTime>
<time>2019-02-14T14:38:36+02:00</time>
</RealTime>
<enter>85</enter>
<exit>115</exit>
<pass>0</pass>
</EventNotificationAlert>
--boundary
Content-Type: application/xml; charset="UTF-8"
Content-Length: 500

<EventNotificationAlert version="2.0" xmlns="http://www.hikvision.com/ver20/XMLSchema">
<ipAddress>192.168.30.50</ipAddress>
<portNo>80</portNo>
<protocol>HTTP</protocol>
<macAddress>94:e1:ac:9a:47:4f</macAddress>
<channelID>1</channelID>
<dateTime>2019-02-14T14:38:23+02:00</dateTime>
<activePostCount>1</activePostCount>
<eventType>IO</eventType>
<eventState>active</eventState>
<eventDescription>IO alarm</eventDescription>
<inputIOPortID>1</inputIOPortID>
</EventNotificationAlert>
--boundary
Content-Type: application/xml; charset="UTF-8"
Content-Length: 499

<EventNotificationAlert version="2.0" xmlns="http://www.hikvision.com/ver20/XMLSchema">
<ipAddress>192.168.30.50</ipAddress>
<portNo>80</portNo>
<protocol>HTTP</protocol>
<macAddress>94:e1:ac:9a:47:4f</macAddress>
<channelID>1</channelID>
<dateTime>2019-02-14T14:38:23+02:00</dateTime>
<activePostCount>1</activePostCount>
<eventType>IO</eventType>
<eventState>active</eventState>
<eventDescription>IO alarm</eventDescription>
<inputIOPortID>1</inputIOPortID>
</EventNotificationAlert>
--boundary
Content-Type: application/xml; charset="UTF-8"
Content-Length: 499


<EventNotificationAlert version="2.0" xmlns="http://www.hikvision.com/ver20/XMLSchema">
<ipAddress>192.168.30.50</ipAddress>
<portNo>80</portNo>
<protocol>HTTP</protocol>
<macAddress>94:e1:ac:9a:47:4f</macAddress>
<channelID>1</channelID>
<dateTime>2019-02-14T14:38:23+02:00</dateTime>
<activePostCount>1</activePostCount>
<eventType>IO</eventType>
<eventState>active</eventState>
<eventDescription>IO alarm</eventDescription>
<inputIOPortID>1</inputIOPortID>
</EventNotificationAlert>
--boundary
Content-Type: application/xml; charset="UTF-8"
Content-Length: 499

<EventNotificationAlert version="2.0" xmlns="http://www.hikvision.com/ver20/XMLSchema">
<ipAddress>192.168.30.50</ipAddress>
<portNo>80</portNo>
<protocol>HTTP</protocol>
<macAddress>94:e1:ac:9a:47:4f</macAddress>
<channelID>1</channelID>
<dateTime>2019-02-14T14:38:47+02:00</dateTime>
<activePostCount>0</activePostCount>
<eventType>videoloss</eventType>
<eventState>inactive</eventState>
<eventDescription>videoloss alarm</eventDescription>
</EventNotificationAlert>
--boundary
Content-Type: application/xml; charset="UTF-8"
Content-Length: 481

<EventNotificationAlert version="2.0" xmlns="http://www.hikvision.com/ver20/XMLSchema">
<ipAddress>192.168.30.50</ipAddress>
<portNo>80</portNo>
<protocol>HTTP</protocol>
<macAddress>94:e1:ac:9a:47:4f</macAddress>
<channelID>1</channelID>
<dateTime>2019-02-14T14:38:47+02:00</dateTime>
<activePostCount>0</activePostCount>
<eventType>videoloss</eventType>
<eventState>inactive</eventState>
<eventDescription>videoloss alarm</eventDescription>
</EventNotificationAlert>
--boundary
Content-Type: application/xml; charset="UTF-8"
Content-Length: 481